
> zero-deployment-dashboard@0.1.0 build
> next build

Γû▓ Next.js 16.1.0 (Turbopack)

node.exe : ΓÜá The 
"middleware" file 
convention is 
deprecated. Please 
use "proxy" instead. 
Learn more: https://n
extjs.org/docs/messag
es/middleware-to-prox
y
At line:1 char:1
+ & "C:\Program Files
\nodejs/node.exe" 
"C:\Users\Shriram 
Reddy\AppData\ ...
+ ~~~~~~~~~~~~~~~~~~~
~~~~~~~~~~~~~~~~~~~~~
~~~~~~~~~~~~~~~~~~~~~
~~~~~~~~
    + CategoryInfo   
           : 
NotSpecifi    ed: 
(ΓÜá The "midd    
le...leware-to-pro   
 xy:String) [], Rem  
  oteException
    + 
FullyQualifiedEr    
rorId : NativeComm   
 andError
 
  Creating an optimized production build ...
Γ£ô Compiled successfully in 4.6s
  Running TypeScript ...
Failed to compile.

./app/dashboard/page.
tsx:29:29
Type error: Property 
'badge' does not 
exist on type '{ 
line1: string; 
line2: string; 
description: string; 
cta: string; cert1: 
string; cert2: 
string; }'.

[0m [90m 27 |[39m 
          [33m<[39m
[33mdiv[39m classNa
me[33m=[39m[32m"in
line-block px-4 py-2 
mb-8 border 
border-white/20 
rounded-full 
bg-white/5 shadow-lg"
[39m[33m>[39m
 [90m 28 |[39m     
        [33m<[39m[
33mspan[39m classNam
e[33m=[39m[32m"tex
t-neon font-mono 
text-sm md:text-base 
tracking-widest font-
bold"[39m[33m>[39m
[31m[1m>[22m[39m
[90m 29 |[39m       
        {content[33m
.[39mhero[33m.[39m
badge}
 [90m    |[39m     
                     
   
[31m[1m^[22m[39m
 [90m 30 |[39m     
        [33m<[39m[
33m/[39m[33mspan[3
9m[33m>[39m
 [90m 31 |[39m     
      [33m<[39m[33
m/[39m[33mdiv[39m
[33m>[39m
 [90m 32 |[39m[0m
Next.js build worker 
exited with code: 1 
and signal: null
